id	flat_id	src
1	1	https://upload.wikimedia.org/wikipedia/commons/thumb/2/22/AC_Nautik_Kstenpatent_1.jpg/320px-AC_Nautik_Kstenpatent_1.jpg
2	1	https://upload.wikimedia.org/wikipedia/commons/thumb/1/1b/AC_Nautik_Kstenpatent_Seminar.jpg/320px-AC_Nautik_Kstenpatent_Seminar.jpg
3	1	https://upload.wikimedia.org/wikipedia/commons/thumb/6/61/Francomundo_Oficinas.jpg/240px-Francomundo_Oficinas.jpg
4	2	https://upload.wikimedia.org/wikipedia/commons/thumb/d/de/Entronement.jpg/133px-Entronement.jpg
5	2	https://upload.wikimedia.org/wikipedia/commons/thumb/c/ce/Evening_at_isa_khan%27s_tomb.jpg/320px-Evening_at_isa_khan%27s_tomb.jpg
6	3	https://upload.wikimedia.org/wikipedia/commons/thumb/0/03/Francomundo_Espacio.jpg/240px-Francomundo_Espacio.jpg
